  learning ysk2 ...
  grid: out of time after 2125 cells
  grid: 2125 tiles reachable in 300s
on ysk2.mp1 at (264, 513), 36 targets
  1 ysk2     ('npc', 1)       22 steps ok 03YSK01A #11, 03YSK01A #10
  2 ysk2     ('bump', 0)    blocked: could not finish the way to (25, deferred
  3 ysk2     ('step', 1)    blocked: could not finish the way to (25, deferred
  4 ysk2     ('bump', 0)      11 steps ok 03YSK01A #14
  5 ysk2     ('bump', 1)    9999 steps blocked: zone 1 did nothing within 20s 
  6 ysk2     ('step', 1)      14 steps blocked: zone 1 did nothing within 20s 
  7 ysk2     ('bump', 2)    9999 steps blocked: zone 2 did nothing within 20s 
  8 ysk2     ('step', 0)      24 steps ok -> ysk1
  learning ysk1 ...
  grid: out of time after 2081 cells
  grid: 2081 tiles reachable in 300s
  9 ysk1     ('npc', 3)     blocked: could not reach slot 3, deferred
 10 ysk1     ('step', 1)       0 steps ok -> ysk2
 11 ysk2     ('bump', 3)    9999 steps blocked: zone 3 did nothing within 20s 
 12 ysk2     ('bump', 4)    9999 steps blocked: zone 4 did nothing within 20s 
 13 ysk2     ('bump', 5)    9999 steps blocked: zone 5 did nothing within 20s 
 14 ysk2     ('bump', 6)    9999 steps blocked: y did not converge on 0x1c5, at 0x141 
 15 ysk2     ('bump', 7)    9999 steps blocked: y stuck at 0x15b (target 0x147) - no movement (wall, NPC, or 03YSK01A #2, 03YSK01A #3
 16 ysk2     ('bump', 8)    9999 steps blocked: zone 8 did nothing within 20s 99CMN #1
 17 ysk2     ('bump', 9)    9999 steps blocked: zone 9 did nothing within 20s 
 18 ysk2     ('bump', 14)   9999 steps blocked: x did not converge on 0x1de, at 0xec 
 19 ysk2     ('npc', 2)     9999 steps blocked: could not reach slot 2 
 20 ysk2     ('npc', 3)     9999 steps blocked: could not reach slot 3 
 21 ysk2     ('npc', 4)     9999 steps blocked: could not reach slot 4 
 22 ysk2     ('step', 2)    9999 steps ok -> ysk1
 23 ysk1     ('npc', 3)       36 steps blocked: could not reach slot 3 
 24 ysk1     ('npc', 2)     9999 steps blocked: could not reach slot 2 
 25 ysk1     ('npc', 4)     9999 steps blocked: could not reach slot 4 
 26 ysk1     ('step', 0)    9999 steps ok -> ysk2
 27 ysk2     ('step', 3)    9999 steps blocked: zone 3 did nothing within 20s 
 28 ysk2     ('step', 4)    9999 steps ok 03YSK01A #18
 29 ysk2     ('step', 5)    9999 steps blocked: y did not converge on 0x14c, at 0x16d 
 30 ysk2     ('step', 6)    9999 steps blocked: zone 6 did nothing within 20s 
 31 ysk2     ('step', 7)    9999 steps blocked: zone 7 did nothing within 20s 
 32 ysk2     ('step', 8)    9999 steps blocked: zone 8 did nothing within 20s 
 33 ysk2     ('step', 9)    9999 steps blocked: zone 9 did nothing within 20s 
 34 ysk2     ('step', 10)   9999 steps blocked: x did not converge on 0x73, at 0xfdc1 
 35 ysk2     ('step', 11)   9999 steps blocked: x did not converge on 0x73, at 0xfbe1 
 36 ysk2     ('step', 12)   9999 steps blocked: x did not converge on 0x1cf, at 0xfa01 
 37 ysk2     ('step', 13)   9999 steps blocked: x did not converge on 0xd7, at 0xf821 
 38 ysk2     ('step', 14)   9999 steps blocked: x did not converge on 0xbf, at 0xf641 
 39 ysk2     ('step', 15)   9999 steps blocked: x did not converge on 0x137, at 0xf461 
 40 ysk2     ('step', 16)   9999 steps blocked: x did not converge on 0x8f, at 0xf281 
 41 ysk2     ('step', 17)   9999 steps blocked: x did not converge on 0x107, at 0xf0a1 
 42 ysk2     ('step', 18)   9999 steps blocked: x did not converge on 0x1b3, at 0xeec1 
 43 ysk2     ('step', 19)   9999 steps blocked: x did not converge on 0x1d3, at 0xece1 
 44 ysk2     ('step', 20)   9999 steps blocked: x did not converge on 0x1d3, at 0xeb01 
nothing left to try on ysk2
-> D:\Code\roms\KuroNoKen\docs\play_tour\manor_1.json (41 steps, 7 scenes)
